20e886bfb7e3fea793bf0029e431d1a7 Simulation is complete, simulated time: 239.287 us
c4a74c672da38bc35a2cb3480313498d Simulation is complete, simulated time: 626.441 us
5f6021f216b371bf4d4834218ce3f1bb Simulation is complete, simulated time: 201.927 us
6eec970b3269d9eb2be6c4f09a9d9080 Simulation is complete, simulated time: 438.623 us
e8cdf1a1a4aa5a7749048c7dcf67ca6a Simulation is complete, simulated time: 8.666 us
f4b15be14bba163dcb2e4b642a8e3c6b Simulation is complete, simulated time: 34.786 us
4235171596788b842de423b0460c86bf Simulation is complete, simulated time: 44.694 us
50014f8db405b6e51a00abfe86d18a1d Simulation is complete, simulated time: 8.666 us
1ac054980eba5eb13f6207cbeb051ec1 Simulation is complete, simulated time: 34.786 us
99228b3dadbc45188e37e3b75ca6ce2c Simulation is complete, simulated time: 49.732 us
56897b7251e2e665f33199f82e1e266f Simulation is complete, simulated time: 10.45 us
23059a7933b94bb77d0d8cfa22e0aa4e Simulation is complete, simulated time: 8.666 us
063af3e51e2f826e19f23ff10b4c5f18 Simulation is complete, simulated time: 34.786 us
956cd31d0521f9dcaba85af469a68d12 Simulation is complete, simulated time: 2.11551 ms
d1beb5787ff77daf730c9daae83ede51 Simulation is complete, simulated time: 2.18506 ms
05ae92ecd0fa12d89b96b8fbfffbe178 Simulation is complete, simulated time: 2.18388 ms
b13fd8d32deb6af396771612e8dcbc6a Simulation is complete, simulated time: 200.258 us
bfcbcc3439246ee8bb3b9e1416b023b5 Simulation is complete, simulated time: 8.666 us
96ef09125604ac671e202d0381740c25 Simulation is complete, simulated time: 34.786 us
63c2acc33f4874da276c95f2347fac8d Simulation is complete, simulated time: 2.18506 ms
523b7c722410ba2b98dcc36846ff5314 Simulation is complete, simulated time: 2.30223 ms
1d9cb27f2056df62e8aedc95fdf7796c Simulation is complete, simulated time: 2.30151 ms
ab1add1f35f90727eea910bf7e0f81b9 Simulation is complete, simulated time: 200.258 us
2de75935ea9979e9394f939a035740ce Simulation is complete, simulated time: 7.299 us
0deb75644ef4c5b55526ea13acac9ddf Simulation is complete, simulated time: 16.627 us
d6c2fbe70743ecc9031e38e09cafaa6e Simulation is complete, simulated time: 7.291 us
caeb6c8c3f6fd743b585740f6e3d9061 Simulation is complete, simulated time: 16.595 us
7fca3bd3526e00cdad7d54637acf2f39 Simulation is complete, simulated time: 10.618 us
392adc0ace3695154d667a5058987354 Simulation is complete, simulated time: 79.952 us
11fa136c6e5730f03f97c2df2ac025ce Simulation is complete, simulated time: 81.27 us
1f0d8f7ed71092af5eb66728d370ae38 Simulation is complete, simulated time: 10.618 us
b357e0efaecab3d206b4f8d3cb2c7dd4 Simulation is complete, simulated time: 79.952 us
bf02d08d8b5b22aa1099cd3467706e85 Simulation is complete, simulated time: 82.64 us
90c12d7662800886091a47fbdfde7163 Simulation is complete, simulated time: 10.017 us
3baeef25ec6a74a92ea77394b2352c73 Simulation is complete, simulated time: 83.415 us
069e097dc752bdd149b0030377dcd9cc Simulation is complete, simulated time: 84.569 us
7c2b015c842bda7609bdd3cd3c39d0ba Simulation is complete, simulated time: 10.017 us
f55df8a1f4a9fcd6e2b04035137cf354 Simulation is complete, simulated time: 83.415 us
5dd729022a960da0a9ac163d18f88184 Simulation is complete, simulated time: 87.217 us
c7baae57caeb4b68703225f0a81f71a8 Simulation is complete, simulated time: 6.723 us
15d334d388a4ce0b4c6ad5a744291707 Simulation is complete, simulated time: 6.723 us
e3839497ee5efcbc0e2c02f5aff5e9fa Simulation is complete, simulated time: 6.723 us
ce495bcfcdec30c37bf956ac9237b5bb Simulation is complete, simulated time: 6.723 us
10b8a688bf73c255be048643c466d53c Simulation is complete, simulated time: 6.723 us
220a2bbb0022e7a7edfe41f7381109cc Simulation is complete, simulated time: 6.723 us
24aa3f67dc3169fdeb12b24133540c40 Simulation is complete, simulated time: 6.723 us
65457bdb91c90a0d5994093f1a032f42 Simulation is complete, simulated time: 6.723 us
f0cad1d67e4c255cb2d1f426b6806371 Simulation is complete, simulated time: 6.725 us
8b99377ee1e99b887a79e8dd95ba0e14 Simulation is complete, simulated time: 6.733 us
762328d5d6adafa312ab9c649cfd1aea Simulation is complete, simulated time: 8.281 us
8a1e3d64ded1d806a170e903521591f4 Simulation is complete, simulated time: 6.819 us
5e38fd7d5d594679d887fee9728e4435 Simulation is complete, simulated time: 4.633 us
641335334c8a3f637d657906f3a7c10e Simulation is complete, simulated time: 4.633 us
166e5a405187a3cd2672bd9f9e230636 Simulation is complete, simulated time: 4.633 us
bbf096f5c13274e454d1071a21be1ff0 Simulation is complete, simulated time: 4.633 us
03b39041a6953d56d4ab3ed44d3d808f Simulation is complete, simulated time: 5.537 us
43349e16f8d84e6d6be356c0e295dcc2 Simulation is complete, simulated time: 5.537 us
1d4b31a6677748ed649a0dad981f44f1 Simulation is complete, simulated time: 5.749 us
5889dd20792ae804f6621a40ce618990 Simulation is complete, simulated time: 5.537 us
dd79e49a68939928072188bba6f57249 Simulation is complete, simulated time: 6.389 us
fed6c149bcf87264b06fe224e59e1e9d Simulation is complete, simulated time: 6.389 us
ca0d18bb4120ac55076dc8e06162eace Simulation is complete, simulated time: 6.389 us
67512825a65816363335bd86cd23044f Simulation is complete, simulated time: 6.389 us
cf6baf07c1dc268f5a18c56cea05a7c0 Simulation is complete, simulated time: 10.734 us
